 app/Http/Controllers/Api/SuratApiController.php    |   4 +-
 app/Http/Controllers/ArsipDigitalController.php    |   4 +-
 app/Http/Controllers/SDM/DocumentController.php    |   2 +-
 app/Http/Controllers/SDM/KeluargaController.php    |   4 +-
 app/Http/Controllers/SDM/PendidikanController.php  |   4 +-
 .../Controllers/SDM/RiwayatJabatanController.php   |   4 +-
 .../Controllers/SDM/RiwayatPangkatController.php   |   4 +-
 app/Http/Controllers/SuratKeluarController.php     |   4 +-
 app/Http/Controllers/SuratMasukController.php      |   4 +-
 ...200346_add_kategori_arsip_to_dokumens_table.php |   6 +-
 ...0_update_prioritas_column_in_dokumens_table.php |   8 +-
 ...pdate_kategori_arsip_enum_in_dokumens_table.php |   8 +-
 resources/views/arsip-digital.blade.php            |   2 +-
 resources/views/aset/dashboard.blade.php           | 332 +++++++++++++++------
 resources/views/aset/inventory/index.blade.php     | 236 +++++++--------
 resources/views/aset/layouts/app.blade.php         | 130 ++++++--
 resources/views/aset/report/index.blade.php        | 259 +++++++++++-----
 resources/views/components/sidebar.blade.php       |  20 +-
 resources/views/proses-dokumen.blade.php           |   2 +-
 resources/views/sdm/keluarga/create.blade.php      |   2 +-
 resources/views/sdm/keluarga/edit.blade.php        |   2 +-
 resources/views/sdm/pegawai/show.blade.php         |   2 +-
 resources/views/sdm/pendidikan/create.blade.php    |   2 +-
 resources/views/sdm/pendidikan/edit.blade.php      |   2 +-
 .../views/sdm/riwayat-jabatan/create.blade.php     |   2 +-
 resources/views/sdm/riwayat-jabatan/edit.blade.php |   2 +-
 .../views/sdm/riwayat-pangkat/create.blade.php     |   2 +-
 resources/views/sdm/riwayat-pangkat/edit.blade.php |   2 +-
 resources/views/surat-keluar.blade.php             |   2 +-
 resources/views/surat-masuk.blade.php              |   2 +-
 resources/views/upload-dokumen.blade.php           |   2 +-
 routes/web.php                                     |  10 +
 tests/Feature/DokumenSendLogicTest.php             |  23 +-
 33 files changed, 748 insertions(+), 346 deletions(-)
